[2026-10-06T19:44:42.910164Z] Loading current results...
[2026-10-06T19:44:42.914418Z] Loaded 390 claims.
[2026-10-06T19:44:42.914804Z] === RECOVERY 1: Intel Processor 300 / 300T ===
[2026-10-06T19:44:42.914813Z] Updated identity: 'Intel Processor 300' → 'Intel 300' (id=5862)
[2026-10-06T19:44:42.914818Z] Updated identity: 'Intel Processor 300T' → 'Intel 300T' (id=6472)
[2026-10-06T19:44:42.914821Z] Fetching detail pages for Intel Processor 300 and 300T...
[2026-10-06T19:44:45.585133Z]   Intel Processor 300: OVR=7246, ST=3200, samples=37
[2026-10-06T19:44:48.193159Z]   Intel Processor 300T: OVR=5627, ST=2702, samples=6
[2026-10-06T19:44:48.193169Z] === RECOVERY 2: Fix 20 Path A parse failures ===
[2026-10-06T19:44:48.193711Z] CPUs with Path A parse failures: 20
[2026-10-06T19:44:48.193718Z]   i3-9350K
[2026-10-06T19:44:48.193721Z]   i3-9320
[2026-10-06T19:44:48.193724Z]   i3-9300
[2026-10-06T19:44:48.193727Z]   Pentium Gold G5620
[2026-10-06T19:44:48.193730Z]   Pentium Gold G5600T
[2026-10-06T19:44:48.193733Z]   Pentium Gold G5420T
[2026-10-06T19:44:48.193736Z]   Celeron G4950
[2026-10-06T19:44:48.193739Z]   Celeron G4930T
[2026-10-06T19:44:48.193742Z]   Pentium Gold G6600
[2026-10-06T19:44:48.193745Z]   Pentium Gold G6500T
[2026-10-06T19:44:48.193747Z]   Pentium Gold G6400T
[2026-10-06T19:44:48.193751Z]   Celeron G5920
[2026-10-06T19:44:48.193753Z]   Celeron G5900T
[2026-10-06T19:44:48.193756Z]   i5-11600T
[2026-10-06T19:44:48.193759Z]   i3-10325
[2026-10-06T19:44:48.193762Z]   i3-10305T
[2026-10-06T19:44:48.193764Z]   Pentium Gold G6505
[2026-10-06T19:44:48.193768Z]   Pentium Gold G6505T
[2026-10-06T19:44:48.193770Z]   Pentium Gold G6405T
[2026-10-06T19:44:48.193773Z]   Celeron G6900T
[2026-10-06T19:44:48.193776Z] Re-fetching 20 CPUs with fixed extractor...
[2026-10-06T19:44:48.807388Z]   [1] i3-9350K: OVR=7596, ST=2731
[2026-10-06T19:44:51.268384Z]   [2] i3-9320: OVR=7358, ST=2711
[2026-10-06T19:44:53.895274Z]   [3] i3-9300: OVR=7070, ST=2533
[2026-10-06T19:44:56.427615Z]   [4] Pentium Gold G5620: OVR=4251, ST=2443
[2026-10-06T19:44:59.053121Z]   [5] Pentium Gold G5600T: OVR=3496, ST=2000
[2026-10-06T19:45:01.693449Z]   [6] Pentium Gold G5420T: OVR=3330, ST=1899
[2026-10-06T19:45:04.336284Z]   [7] Celeron G4950: OVR=2714, ST=2041
[2026-10-06T19:45:06.968439Z]   [8] Celeron G4930T: OVR=2287, ST=1773
[2026-10-06T19:45:09.629813Z]   [9] Pentium Gold G6600: OVR=4223, ST=2513
[2026-10-06T19:45:12.174931Z]   [10] Pentium Gold G6500T: OVR=3764, ST=2227
[2026-10-06T19:45:14.792369Z]   [11] Pentium Gold G6400T: OVR=3565, ST=2102
[2026-10-06T19:45:17.447034Z]   [12] Celeron G5920: OVR=2667, ST=2141
[2026-10-06T19:45:19.991541Z]   [13] Celeron G5900T: OVR=2192, ST=1713
[2026-10-06T19:45:22.596558Z]   [14] i5-11600T: OVR=14649, ST=2762
[2026-10-06T19:45:25.194588Z]   [15] i3-10325: OVR=10099, ST=2866
[2026-10-06T19:45:27.709829Z]   [16] i3-10305T: OVR=7821, ST=2320
[2026-10-06T19:45:30.341110Z]   [17] Pentium Gold G6505: OVR=4371, ST=2649
[2026-10-06T19:45:32.894903Z]   [18] Pentium Gold G6505T: OVR=3698, ST=2271
[2026-10-06T19:45:35.543117Z]   [19] Pentium Gold G6405T: OVR=3128, ST=1821
[2026-10-06T19:45:38.172731Z]   [20] Celeron G6900T: OVR=3668, ST=2280
[2026-10-06T19:45:38.172740Z] 
Recovery fetches complete. New A results: 22
[2026-10-06T19:45:38.172760Z]   OK: 22, Still failing: 0
[2026-10-06T19:45:38.172776Z] === Updating claims with recovery data ===
[2026-10-06T19:45:38.173610Z] 
Updated 44 claims.
[2026-10-06T19:45:38.173768Z] === FINAL Disposition Summary ===
[2026-10-06T19:45:38.173796Z]   R-REVIEW                 :    5
[2026-10-06T19:45:38.173799Z]   V-DRIFT                  :   99
[2026-10-06T19:45:38.173801Z]   V-EXACT                  :  286
[2026-10-06T19:45:38.173900Z] 
≥2 independent paths: 390/390 = 100.0%
[2026-10-06T19:45:38.173944Z] 
Discrepancy register: 5 items
